<?xml version="1.0" encoding="UTF-8"?>
<testsuites name="jest tests" tests="2" failures="0" errors="0" time="3.523">
  <testsuite name="icon components" errors="0" failures="0" skipped="0" timestamp="2022-07-21T03:02:16" time="2.493" tests="2">
    <testcase classname="icon components test snapshots" name="icon components test snapshots" time="0.011">
    </testcase>
    <testcase classname="icon components test icon click" name="icon components test icon click" time="0.023">
    </testcase>
  </testsuite>
</testsuites>